Lattice Timing Report -  Setup  and Hold, Version Radiant Software (64-bit) 2024.2.0.3.0

Thu Dec  4 12:44:41 2025

Copyright (c) 1991-1994 by NeoCAD Inc. All rights reserved.
Copyright (c) 1995 AT&T Corp.   All rights reserved.
Copyright (c) 1995-2001 Lucent Technologies Inc.  All rights reserved.
Copyright (c) 2001 Agere Systems   All rights reserved.
Copyright (c) 2002-2024 Lattice Semiconductor Corporation,  All rights reserved.

Command line:    timing -sethld -v 10 -u 10 -endpoints 10 -nperend 1 -sp High-Performance_1.2V -hsp m -pwrprd -html -rpt e155_project_fpga_impl_1.twr e155_project_fpga_impl_1.udb -gui -msgset C:/Users/ekendrick/Documents/GitHub/e155-project/e155_project_fpga/promote.xml

-----------------------------------------
Design:          top
Family:          iCE40UP
Device:          iCE40UP5K
Package:         SG48
Performance:     High-Performance_1.2V
Package Status:                     Preliminary    Version 1.5
**Performance Hardware Data Status :   Advanced Version 1.0
-----------------------------------------


=====================================================================
                    Table of Contents
=====================================================================
    1  Timing Overview
        1.1  SDC Constraints
        1.2  Constraint Coverage
        1.3  Overall Summary
        1.4  Unconstrained Report
        1.5  Combinational Loop
    2  Setup at Speed Grade High-Performance_1.2V Corner at 100 Degrees
        2.1  Clock Summary
        2.2  Endpoint slacks
        2.3  Detailed Report
    3  Hold at Speed Grade m Corner at -40 Degrees
        3.1  Endpoint slacks
        3.2  Detailed Report

=====================================================================
                    End of Table of Contents
=====================================================================

==============================================
1  Timing Overview
==============================================

1.1  SDC Constraints
=====================
create_clock -name {clk} -period 41.6667 [get_pins {hf_osc.osc_inst/CLKHF }] 

1.2  Constraint Coverage
---------------------------
Constraint Coverage: 99.49%


1.3  Overall Summary
---------------------------
 Setup at Speed Grade High-Performance_1.2V Corner at 100 Degrees     Timing Errors: 0 endpoints;  Total Negative Slack: 0.000 ns 
 Hold at Speed Grade m Corner at -40 Degrees                          Timing Errors: 0 endpoints;  Total Negative Slack: 0.000 ns 

1.4  Unconstrained Report
===========================

1.4.1  Unconstrained Start/End Points
--------------------------------------

Clocked but unconstrained timing start points
--------------------------------------------------
There is no start point satisfying reporting criteria


Clocked but unconstrained timing end points
-------------------------------------------------------------------
          Listing 1 End Points          |           Type           
-------------------------------------------------------------------
song_timing1/state__i1/SR               |           No arrival time
-------------------------------------------------------------------
                                        |                          
Number of unconstrained timing end poin |                          
ts                                      |                         1
                                        |                          
-------------------------------------------------------------------

1.4.2  Start/End Points Without Timing Constraints
---------------------------------------------------

I/O ports without constraint
----------------------------
Possible constraints to use on I/O ports are:
set_input_delay,
set_output_delay,
set_max_delay,
create_clock,
create_generated_clock,
...

-------------------------------------------------------------------
     Listing 3 Start or End Points      |           Type           
-------------------------------------------------------------------
song_start                              |                     input
to_light                                |                    output
servo_signal                            |                    output
-------------------------------------------------------------------
                                        |                          
Number of I/O ports without constraint  |                         3
                                        |                          
-------------------------------------------------------------------

Nets without clock definition
Define a clock on a top level port or a generated clock on a clock divider pin associated with this net(s).
--------------------------------------------------
There is no instance satisfying reporting criteria



1.5  Combinational Loop
========================
None

===============================================================
2  Setup at Speed Grade High-Performance_1.2V Corner at 100 Degrees
===============================================================

2.1  Clock Summary
=======================

2.1.1 Clock "clk"
=======================
create_clock -name {clk} -period 41.6667 [get_pins {hf_osc.osc_inst/CLKHF }] 

Single Clock Domain
-------------------------------------------------------------------------------------------------------
               Clock clk                |                    |       Period       |     Frequency      
-------------------------------------------------------------------------------------------------------
 From clk                               |             Target |          41.667 ns |         24.000 MHz 
                                        | Actual (all paths) |          22.126 ns |         45.196 MHz 
hf_osc.osc_inst/CLKHF (MPW)             |   (50% duty cycle) |          20.792 ns |         48.095 MHz 
-------------------------------------------------------------------------------------------------------

Clock Domain Crossing

2.2  Endpoint slacks
=======================
-------------------------------------------------------
          Listing 10 End Points          |    Slack    
-------------------------------------------------------
{led_shifter1/rgb_shifted_i107/SP   led_shifter1/rgb_shifted_i106/SP}              
                                         |   19.541 ns 
{led_shifter1/rgb_shifted_i117/SP   led_shifter1/rgb_shifted_i116/SP}              
                                         |   19.541 ns 
{led_shifter1/rgb_shifted_i118/SP   led_shifter1/rgb_shifted_i119/SP}              
                                         |   19.541 ns 
{led_shifter1/rgb_shifted_i123/SP   led_shifter1/rgb_shifted_i122/SP}              
                                         |   19.541 ns 
{led_shifter1/rgb_shifted_i125/SP   led_shifter1/rgb_shifted_i124/SP}              
                                         |   19.541 ns 
{led_shifter1/rgb_shifted_i127/SP   led_shifter1/rgb_shifted_i126/SP}              
                                         |   19.541 ns 
{led_shifter1/rgb_shifted_i129/SP   led_shifter1/rgb_shifted_i128/SP}              
                                         |   19.541 ns 
{led_shifter1/rgb_shifted_i137/SP   led_shifter1/rgb_shifted_i136/SP}              
                                         |   19.541 ns 
{led_shifter1/rgb_shifted_i141/SP   led_shifter1/rgb_shifted_i140/SP}              
                                         |   19.541 ns 
{led_shifter1/rgb_shifted_i143/SP   led_shifter1/rgb_shifted_i142/SP}              
                                         |   19.541 ns 
-------------------------------------------------------
                                         |             
Setup # of endpoints with negative slack:|           0 
                                         |             
-------------------------------------------------------

2.3  Detailed Report
=======================


XXXXXXXXXXXXXXXXXXXXXXXXXXXXXXXXXXXXXXXXXXXXXXXXXXXXXXXXXX

Detail report of critical paths

XXXXXXXXXXXXXXXXXXXXXXXXXXXXXXXXXXXXXXXXXXXXXXXXXXXXXXXXXX

 +++++++++++++++++++++++++++++++++++++++++++++++++++++++++++++++++++++
                    Detailed Report for timing paths 
 +++++++++++++++++++++++++++++++++++++++++++++++++++++++++++++++++++++

 ++++Path 1  ++++++++++++++++++++++++++++++++++++++++++++++++++++++++++

Path Begin       : led_shifter1/single_led/state_i2/Q  (SLICE_R12C9A)
Path End         : {led_shifter1/rgb_shifted_i107/SP   led_shifter1/rgb_shifted_i106/SP}  (SLICE_R16C9B)
Source Clock     : clk (R)
Destination Clock: clk (R)
Logic Level      : 5
Delay Ratio      : 85.2% (route), 14.8% (logic)
Clock Skew       : 0.000 ns 
Setup Constraint : 41.666 ns 
Path Slack       : 19.540 ns  (Passed)


Source Clock Path
Name                                      Cell/Site Name     Delay Name       Incr      Arrival/Required Time  Fanout  
----------------------------------------  -----------------  ---------------  --------  ---------------------  ------  
hf_osc.osc_inst/CLKHF                     HFOSC_HFOSC_R1C32  CLOCK LATENCY       0.000                  0.000  293     
led_shifter1/delay_counter/clk                               NET DELAY           5.499                  5.499  293     
{led_shifter1/single_led/state_i1/CK   led_shifter1/single_led/state_i2/CK}
                                                             CLOCK PIN           0.000                  5.499  1       


Data Path
Name                                      Cell/Site Name     Delay Name       Incr      Arrival/Required Time  Fanout  
----------------------------------------  -----------------  ---------------  --------  ---------------------  ------  
led_shifter1/single_led/state_i2/CK->led_shifter1/single_led/state_i2/Q
                                          SLICE_R12C9A       CLK_TO_Q1_DELAY     1.388                  6.887  15      
led_shifter1/single_led/state[1]                             NET DELAY           4.441                 11.328  15      
led_shifter1/single_led/equal_56_i9_2_lut_3_lut_4_lut/B->led_shifter1/single_led/equal_56_i9_2_lut_3_lut_4_lut/Z
                                          SLICE_R13C14A      A0_TO_F0_DELAY      0.476                 11.804  2       
led_shifter1/single_led/n9                                   NET DELAY           0.304                 12.108  2       
led_shifter1/i2080_4_lut/B->led_shifter1/i2080_4_lut/Z
                                          SLICE_R13C14A      C1_TO_F1_DELAY      0.449                 12.557  3       
led_shifter1/n2356                                           NET DELAY           5.089                 17.646  3       
led_shifter1/i20_4_lut/B->led_shifter1/i20_4_lut/Z
                                          SLICE_R14C30B      D1_TO_F1_DELAY      0.476                 18.122  2       
led_shifter1/n9_adj_640                                      NET DELAY           0.304                 18.426  2       
led_shifter1.i3873_2_lut_4_lut/D->led_shifter1.i3873_2_lut_4_lut/Z
                                          SLICE_R14C30C      C0_TO_F0_DELAY      0.449                 18.875  72      
led_shifter1/n1945                                           NET DELAY           8.552                 27.427  72      
{led_shifter1/rgb_shifted_i107/SP   led_shifter1/rgb_shifted_i106/SP}
                                                             ENDPOINT            0.000                 27.427  1       


Destination Clock Path
Name                                      Cell/Site Name     Delay Name       Incr      Arrival/Required Time  Fanout  
----------------------------------------  -----------------  ---------------  --------  ---------------------  ------  
                                                             CONSTRAINT          0.000                 41.666  1       
hf_osc.osc_inst/CLKHF                     HFOSC_HFOSC_R1C32  CLOCK LATENCY       0.000                 41.666  293     
led_shifter1/delay_counter/clk                               NET DELAY           5.499                 47.165  293     
{led_shifter1/rgb_shifted_i107/CK   led_shifter1/rgb_shifted_i106/CK}
                                                             CLOCK PIN           0.000                 47.165  1       
                                                             Uncertainty      -(0.000)                 47.165  
                                                             Setup time       -(0.198)                 46.967  
----------------------------------------  -----------------  ---------------  --------  ---------------------  ------  
Required Time                                                                                          46.967  
Arrival Time                                                                                        -(27.426)  
----------------------------------------  -----------------  ---------------  --------  ---------------------  ------  
Path Slack  (Passed)                                                                                   19.540  




++++ Path 2 ++++++++++++++++++++++++++++++++++++++++++++++++++++++++++ 

Path Begin       : led_shifter1/single_led/state_i2/Q  (SLICE_R12C9A)
Path End         : {led_shifter1/rgb_shifted_i117/SP   led_shifter1/rgb_shifted_i116/SP}  (SLICE_R22C11C)
Source Clock     : clk (R)
Destination Clock: clk (R)
Logic Level      : 5
Delay Ratio      : 85.2% (route), 14.8% (logic)
Clock Skew       : 0.000 ns 
Setup Constraint : 41.666 ns 
Path Slack       : 19.540 ns  (Passed)


Source Clock Path
Name                                      Cell/Site Name     Delay Name       Incr      Arrival/Required Time  Fanout  
----------------------------------------  -----------------  ---------------  --------  ---------------------  ------  
hf_osc.osc_inst/CLKHF                     HFOSC_HFOSC_R1C32  CLOCK LATENCY       0.000                  0.000  293     
led_shifter1/delay_counter/clk                               NET DELAY           5.499                  5.499  293     
{led_shifter1/single_led/state_i1/CK   led_shifter1/single_led/state_i2/CK}
                                                             CLOCK PIN           0.000                  5.499  1       


Data Path
Name                                      Cell/Site Name     Delay Name       Incr      Arrival/Required Time  Fanout  
----------------------------------------  -----------------  ---------------  --------  ---------------------  ------  
led_shifter1/single_led/state_i2/CK->led_shifter1/single_led/state_i2/Q
                                          SLICE_R12C9A       CLK_TO_Q1_DELAY     1.388                  6.887  15      
led_shifter1/single_led/state[1]                             NET DELAY           4.441                 11.328  15      
led_shifter1/single_led/equal_56_i9_2_lut_3_lut_4_lut/B->led_shifter1/single_led/equal_56_i9_2_lut_3_lut_4_lut/Z
                                          SLICE_R13C14A      A0_TO_F0_DELAY      0.476                 11.804  2       
led_shifter1/single_led/n9                                   NET DELAY           0.304                 12.108  2       
led_shifter1/i2080_4_lut/B->led_shifter1/i2080_4_lut/Z
                                          SLICE_R13C14A      C1_TO_F1_DELAY      0.449                 12.557  3       
led_shifter1/n2356                                           NET DELAY           5.089                 17.646  3       
led_shifter1/i20_4_lut/B->led_shifter1/i20_4_lut/Z
                                          SLICE_R14C30B      D1_TO_F1_DELAY      0.476                 18.122  2       
led_shifter1/n9_adj_640                                      NET DELAY           0.304                 18.426  2       
led_shifter1.i3873_2_lut_4_lut/D->led_shifter1.i3873_2_lut_4_lut/Z
                                          SLICE_R14C30C      C0_TO_F0_DELAY      0.449                 18.875  72      
led_shifter1/n1945                                           NET DELAY           8.552                 27.427  72      
{led_shifter1/rgb_shifted_i117/SP   led_shifter1/rgb_shifted_i116/SP}
                                                             ENDPOINT            0.000                 27.427  1       


Destination Clock Path
Name                                      Cell/Site Name     Delay Name       Incr      Arrival/Required Time  Fanout  
----------------------------------------  -----------------  ---------------  --------  ---------------------  ------  
                                                             CONSTRAINT          0.000                 41.666  1       
hf_osc.osc_inst/CLKHF                     HFOSC_HFOSC_R1C32  CLOCK LATENCY       0.000                 41.666  293     
led_shifter1/delay_counter/clk                               NET DELAY           5.499                 47.165  293     
{led_shifter1/rgb_shifted_i117/CK   led_shifter1/rgb_shifted_i116/CK}
                                                             CLOCK PIN           0.000                 47.165  1       
                                                             Uncertainty      -(0.000)                 47.165  
                                                             Setup time       -(0.198)                 46.967  
----------------------------------------  -----------------  ---------------  --------  ---------------------  ------  
Required Time                                                                                          46.967  
Arrival Time                                                                                        -(27.426)  
----------------------------------------  -----------------  ---------------  --------  ---------------------  ------  
Path Slack  (Passed)                                                                                   19.540  




++++ Path 3 ++++++++++++++++++++++++++++++++++++++++++++++++++++++++++ 

Path Begin       : led_shifter1/single_led/state_i2/Q  (SLICE_R12C9A)
Path End         : {led_shifter1/rgb_shifted_i118/SP   led_shifter1/rgb_shifted_i119/SP}  (SLICE_R21C13C)
Source Clock     : clk (R)
Destination Clock: clk (R)
Logic Level      : 5
Delay Ratio      : 85.2% (route), 14.8% (logic)
Clock Skew       : 0.000 ns 
Setup Constraint : 41.666 ns 
Path Slack       : 19.540 ns  (Passed)


Source Clock Path
Name                                      Cell/Site Name     Delay Name       Incr      Arrival/Required Time  Fanout  
----------------------------------------  -----------------  ---------------  --------  ---------------------  ------  
hf_osc.osc_inst/CLKHF                     HFOSC_HFOSC_R1C32  CLOCK LATENCY       0.000                  0.000  293     
led_shifter1/delay_counter/clk                               NET DELAY           5.499                  5.499  293     
{led_shifter1/single_led/state_i1/CK   led_shifter1/single_led/state_i2/CK}
                                                             CLOCK PIN           0.000                  5.499  1       


Data Path
Name                                      Cell/Site Name     Delay Name       Incr      Arrival/Required Time  Fanout  
----------------------------------------  -----------------  ---------------  --------  ---------------------  ------  
led_shifter1/single_led/state_i2/CK->led_shifter1/single_led/state_i2/Q
                                          SLICE_R12C9A       CLK_TO_Q1_DELAY     1.388                  6.887  15      
led_shifter1/single_led/state[1]                             NET DELAY           4.441                 11.328  15      
led_shifter1/single_led/equal_56_i9_2_lut_3_lut_4_lut/B->led_shifter1/single_led/equal_56_i9_2_lut_3_lut_4_lut/Z
                                          SLICE_R13C14A      A0_TO_F0_DELAY      0.476                 11.804  2       
led_shifter1/single_led/n9                                   NET DELAY           0.304                 12.108  2       
led_shifter1/i2080_4_lut/B->led_shifter1/i2080_4_lut/Z
                                          SLICE_R13C14A      C1_TO_F1_DELAY      0.449                 12.557  3       
led_shifter1/n2356                                           NET DELAY           5.089                 17.646  3       
led_shifter1/i20_4_lut/B->led_shifter1/i20_4_lut/Z
                                          SLICE_R14C30B      D1_TO_F1_DELAY      0.476                 18.122  2       
led_shifter1/n9_adj_640                                      NET DELAY           0.304                 18.426  2       
led_shifter1.i3873_2_lut_4_lut/D->led_shifter1.i3873_2_lut_4_lut/Z
                                          SLICE_R14C30C      C0_TO_F0_DELAY      0.449                 18.875  72      
led_shifter1/n1945                                           NET DELAY           8.552                 27.427  72      
{led_shifter1/rgb_shifted_i118/SP   led_shifter1/rgb_shifted_i119/SP}
                                                             ENDPOINT            0.000                 27.427  1       


Destination Clock Path
Name                                      Cell/Site Name     Delay Name       Incr      Arrival/Required Time  Fanout  
----------------------------------------  -----------------  ---------------  --------  ---------------------  ------  
                                                             CONSTRAINT          0.000                 41.666  1       
hf_osc.osc_inst/CLKHF                     HFOSC_HFOSC_R1C32  CLOCK LATENCY       0.000                 41.666  293     
led_shifter1/delay_counter/clk                               NET DELAY           5.499                 47.165  293     
{led_shifter1/rgb_shifted_i118/CK   led_shifter1/rgb_shifted_i119/CK}
                                                             CLOCK PIN           0.000                 47.165  1       
                                                             Uncertainty      -(0.000)                 47.165  
                                                             Setup time       -(0.198)                 46.967  
----------------------------------------  -----------------  ---------------  --------  ---------------------  ------  
Required Time                                                                                          46.967  
Arrival Time                                                                                        -(27.426)  
----------------------------------------  -----------------  ---------------  --------  ---------------------  ------  
Path Slack  (Passed)                                                                                   19.540  




++++ Path 4 ++++++++++++++++++++++++++++++++++++++++++++++++++++++++++ 

Path Begin       : led_shifter1/single_led/state_i2/Q  (SLICE_R12C9A)
Path End         : {led_shifter1/rgb_shifted_i123/SP   led_shifter1/rgb_shifted_i122/SP}  (SLICE_R17C15B)
Source Clock     : clk (R)
Destination Clock: clk (R)
Logic Level      : 5
Delay Ratio      : 85.2% (route), 14.8% (logic)
Clock Skew       : 0.000 ns 
Setup Constraint : 41.666 ns 
Path Slack       : 19.540 ns  (Passed)


Source Clock Path
Name                                      Cell/Site Name     Delay Name       Incr      Arrival/Required Time  Fanout  
----------------------------------------  -----------------  ---------------  --------  ---------------------  ------  
hf_osc.osc_inst/CLKHF                     HFOSC_HFOSC_R1C32  CLOCK LATENCY       0.000                  0.000  293     
led_shifter1/delay_counter/clk                               NET DELAY           5.499                  5.499  293     
{led_shifter1/single_led/state_i1/CK   led_shifter1/single_led/state_i2/CK}
                                                             CLOCK PIN           0.000                  5.499  1       


Data Path
Name                                      Cell/Site Name     Delay Name       Incr      Arrival/Required Time  Fanout  
----------------------------------------  -----------------  ---------------  --------  ---------------------  ------  
led_shifter1/single_led/state_i2/CK->led_shifter1/single_led/state_i2/Q
                                          SLICE_R12C9A       CLK_TO_Q1_DELAY     1.388                  6.887  15      
led_shifter1/single_led/state[1]                             NET DELAY           4.441                 11.328  15      
led_shifter1/single_led/equal_56_i9_2_lut_3_lut_4_lut/B->led_shifter1/single_led/equal_56_i9_2_lut_3_lut_4_lut/Z
                                          SLICE_R13C14A      A0_TO_F0_DELAY      0.476                 11.804  2       
led_shifter1/single_led/n9                                   NET DELAY           0.304                 12.108  2       
led_shifter1/i2080_4_lut/B->led_shifter1/i2080_4_lut/Z
                                          SLICE_R13C14A      C1_TO_F1_DELAY      0.449                 12.557  3       
led_shifter1/n2356                                           NET DELAY           5.089                 17.646  3       
led_shifter1/i20_4_lut/B->led_shifter1/i20_4_lut/Z
                                          SLICE_R14C30B      D1_TO_F1_DELAY      0.476                 18.122  2       
led_shifter1/n9_adj_640                                      NET DELAY           0.304                 18.426  2       
led_shifter1.i3873_2_lut_4_lut/D->led_shifter1.i3873_2_lut_4_lut/Z
                                          SLICE_R14C30C      C0_TO_F0_DELAY      0.449                 18.875  72      
led_shifter1/n1945                                           NET DELAY           8.552                 27.427  72      
{led_shifter1/rgb_shifted_i123/SP   led_shifter1/rgb_shifted_i122/SP}
                                                             ENDPOINT            0.000                 27.427  1       


Destination Clock Path
Name                                      Cell/Site Name     Delay Name       Incr      Arrival/Required Time  Fanout  
----------------------------------------  -----------------  ---------------  --------  ---------------------  ------  
                                                             CONSTRAINT          0.000                 41.666  1       
hf_osc.osc_inst/CLKHF                     HFOSC_HFOSC_R1C32  CLOCK LATENCY       0.000                 41.666  293     
led_shifter1/delay_counter/clk                               NET DELAY           5.499                 47.165  293     
{led_shifter1/rgb_shifted_i123/CK   led_shifter1/rgb_shifted_i122/CK}
                                                             CLOCK PIN           0.000                 47.165  1       
                                                             Uncertainty      -(0.000)                 47.165  
                                                             Setup time       -(0.198)                 46.967  
----------------------------------------  -----------------  ---------------  --------  ---------------------  ------  
Required Time                                                                                          46.967  
Arrival Time                                                                                        -(27.426)  
----------------------------------------  -----------------  ---------------  --------  ---------------------  ------  
Path Slack  (Passed)                                                                                   19.540  




++++ Path 5 ++++++++++++++++++++++++++++++++++++++++++++++++++++++++++ 

Path Begin       : led_shifter1/single_led/state_i2/Q  (SLICE_R12C9A)
Path End         : {led_shifter1/rgb_shifted_i125/SP   led_shifter1/rgb_shifted_i124/SP}  (SLICE_R17C14B)
Source Clock     : clk (R)
Destination Clock: clk (R)
Logic Level      : 5
Delay Ratio      : 85.2% (route), 14.8% (logic)
Clock Skew       : 0.000 ns 
Setup Constraint : 41.666 ns 
Path Slack       : 19.540 ns  (Passed)


Source Clock Path
Name                                      Cell/Site Name     Delay Name       Incr      Arrival/Required Time  Fanout  
----------------------------------------  -----------------  ---------------  --------  ---------------------  ------  
hf_osc.osc_inst/CLKHF                     HFOSC_HFOSC_R1C32  CLOCK LATENCY       0.000                  0.000  293     
led_shifter1/delay_counter/clk                               NET DELAY           5.499                  5.499  293     
{led_shifter1/single_led/state_i1/CK   led_shifter1/single_led/state_i2/CK}
                                                             CLOCK PIN           0.000                  5.499  1       


Data Path
Name                                      Cell/Site Name     Delay Name       Incr      Arrival/Required Time  Fanout  
----------------------------------------  -----------------  ---------------  --------  ---------------------  ------  
led_shifter1/single_led/state_i2/CK->led_shifter1/single_led/state_i2/Q
                                          SLICE_R12C9A       CLK_TO_Q1_DELAY     1.388                  6.887  15      
led_shifter1/single_led/state[1]                             NET DELAY           4.441                 11.328  15      
led_shifter1/single_led/equal_56_i9_2_lut_3_lut_4_lut/B->led_shifter1/single_led/equal_56_i9_2_lut_3_lut_4_lut/Z
                                          SLICE_R13C14A      A0_TO_F0_DELAY      0.476                 11.804  2       
led_shifter1/single_led/n9                                   NET DELAY           0.304                 12.108  2       
led_shifter1/i2080_4_lut/B->led_shifter1/i2080_4_lut/Z
                                          SLICE_R13C14A      C1_TO_F1_DELAY      0.449                 12.557  3       
led_shifter1/n2356                                           NET DELAY           5.089                 17.646  3       
led_shifter1/i20_4_lut/B->led_shifter1/i20_4_lut/Z
                                          SLICE_R14C30B      D1_TO_F1_DELAY      0.476                 18.122  2       
led_shifter1/n9_adj_640                                      NET DELAY           0.304                 18.426  2       
led_shifter1.i3873_2_lut_4_lut/D->led_shifter1.i3873_2_lut_4_lut/Z
                                          SLICE_R14C30C      C0_TO_F0_DELAY      0.449                 18.875  72      
led_shifter1/n1945                                           NET DELAY           8.552                 27.427  72      
{led_shifter1/rgb_shifted_i125/SP   led_shifter1/rgb_shifted_i124/SP}
                                                             ENDPOINT            0.000                 27.427  1       


Destination Clock Path
Name                                      Cell/Site Name     Delay Name       Incr      Arrival/Required Time  Fanout  
----------------------------------------  -----------------  ---------------  --------  ---------------------  ------  
                                                             CONSTRAINT          0.000                 41.666  1       
hf_osc.osc_inst/CLKHF                     HFOSC_HFOSC_R1C32  CLOCK LATENCY       0.000                 41.666  293     
led_shifter1/delay_counter/clk                               NET DELAY           5.499                 47.165  293     
{led_shifter1/rgb_shifted_i125/CK   led_shifter1/rgb_shifted_i124/CK}
                                                             CLOCK PIN           0.000                 47.165  1       
                                                             Uncertainty      -(0.000)                 47.165  
                                                             Setup time       -(0.198)                 46.967  
----------------------------------------  -----------------  ---------------  --------  ---------------------  ------  
Required Time                                                                                          46.967  
Arrival Time                                                                                        -(27.426)  
----------------------------------------  -----------------  ---------------  --------  ---------------------  ------  
Path Slack  (Passed)                                                                                   19.540  




++++ Path 6 ++++++++++++++++++++++++++++++++++++++++++++++++++++++++++ 

Path Begin       : led_shifter1/single_led/state_i2/Q  (SLICE_R12C9A)
Path End         : {led_shifter1/rgb_shifted_i127/SP   led_shifter1/rgb_shifted_i126/SP}  (SLICE_R16C12A)
Source Clock     : clk (R)
Destination Clock: clk (R)
Logic Level      : 5
Delay Ratio      : 85.2% (route), 14.8% (logic)
Clock Skew       : 0.000 ns 
Setup Constraint : 41.666 ns 
Path Slack       : 19.540 ns  (Passed)


Source Clock Path
Name                                      Cell/Site Name     Delay Name       Incr      Arrival/Required Time  Fanout  
----------------------------------------  -----------------  ---------------  --------  ---------------------  ------  
hf_osc.osc_inst/CLKHF                     HFOSC_HFOSC_R1C32  CLOCK LATENCY       0.000                  0.000  293     
led_shifter1/delay_counter/clk                               NET DELAY           5.499                  5.499  293     
{led_shifter1/single_led/state_i1/CK   led_shifter1/single_led/state_i2/CK}
                                                             CLOCK PIN           0.000                  5.499  1       


Data Path
Name                                      Cell/Site Name     Delay Name       Incr      Arrival/Required Time  Fanout  
----------------------------------------  -----------------  ---------------  --------  ---------------------  ------  
led_shifter1/single_led/state_i2/CK->led_shifter1/single_led/state_i2/Q
                                          SLICE_R12C9A       CLK_TO_Q1_DELAY     1.388                  6.887  15      
led_shifter1/single_led/state[1]                             NET DELAY           4.441                 11.328  15      
led_shifter1/single_led/equal_56_i9_2_lut_3_lut_4_lut/B->led_shifter1/single_led/equal_56_i9_2_lut_3_lut_4_lut/Z
                                          SLICE_R13C14A      A0_TO_F0_DELAY      0.476                 11.804  2       
led_shifter1/single_led/n9                                   NET DELAY           0.304                 12.108  2       
led_shifter1/i2080_4_lut/B->led_shifter1/i2080_4_lut/Z
                                          SLICE_R13C14A      C1_TO_F1_DELAY      0.449                 12.557  3       
led_shifter1/n2356                                           NET DELAY           5.089                 17.646  3       
led_shifter1/i20_4_lut/B->led_shifter1/i20_4_lut/Z
                                          SLICE_R14C30B      D1_TO_F1_DELAY      0.476                 18.122  2       
led_shifter1/n9_adj_640                                      NET DELAY           0.304                 18.426  2       
led_shifter1.i3873_2_lut_4_lut/D->led_shifter1.i3873_2_lut_4_lut/Z
                                          SLICE_R14C30C      C0_TO_F0_DELAY      0.449                 18.875  72      
led_shifter1/n1945                                           NET DELAY           8.552                 27.427  72      
{led_shifter1/rgb_shifted_i127/SP   led_shifter1/rgb_shifted_i126/SP}
                                                             ENDPOINT            0.000                 27.427  1       


Destination Clock Path
Name                                      Cell/Site Name     Delay Name       Incr      Arrival/Required Time  Fanout  
----------------------------------------  -----------------  ---------------  --------  ---------------------  ------  
                                                             CONSTRAINT          0.000                 41.666  1       
hf_osc.osc_inst/CLKHF                     HFOSC_HFOSC_R1C32  CLOCK LATENCY       0.000                 41.666  293     
led_shifter1/delay_counter/clk                               NET DELAY           5.499                 47.165  293     
{led_shifter1/rgb_shifted_i127/CK   led_shifter1/rgb_shifted_i126/CK}
                                                             CLOCK PIN           0.000                 47.165  1       
                                                             Uncertainty      -(0.000)                 47.165  
                                                             Setup time       -(0.198)                 46.967  
----------------------------------------  -----------------  ---------------  --------  ---------------------  ------  
Required Time                                                                                          46.967  
Arrival Time                                                                                        -(27.426)  
----------------------------------------  -----------------  ---------------  --------  ---------------------  ------  
Path Slack  (Passed)                                                                                   19.540  




++++ Path 7 ++++++++++++++++++++++++++++++++++++++++++++++++++++++++++ 

Path Begin       : led_shifter1/single_led/state_i2/Q  (SLICE_R12C9A)
Path End         : {led_shifter1/rgb_shifted_i129/SP   led_shifter1/rgb_shifted_i128/SP}  (SLICE_R16C12B)
Source Clock     : clk (R)
Destination Clock: clk (R)
Logic Level      : 5
Delay Ratio      : 85.2% (route), 14.8% (logic)
Clock Skew       : 0.000 ns 
Setup Constraint : 41.666 ns 
Path Slack       : 19.540 ns  (Passed)


Source Clock Path
Name                                      Cell/Site Name     Delay Name       Incr      Arrival/Required Time  Fanout  
----------------------------------------  -----------------  ---------------  --------  ---------------------  ------  
hf_osc.osc_inst/CLKHF                     HFOSC_HFOSC_R1C32  CLOCK LATENCY       0.000                  0.000  293     
led_shifter1/delay_counter/clk                               NET DELAY           5.499                  5.499  293     
{led_shifter1/single_led/state_i1/CK   led_shifter1/single_led/state_i2/CK}
                                                             CLOCK PIN           0.000                  5.499  1       


Data Path
Name                                      Cell/Site Name     Delay Name       Incr      Arrival/Required Time  Fanout  
----------------------------------------  -----------------  ---------------  --------  ---------------------  ------  
led_shifter1/single_led/state_i2/CK->led_shifter1/single_led/state_i2/Q
                                          SLICE_R12C9A       CLK_TO_Q1_DELAY     1.388                  6.887  15      
led_shifter1/single_led/state[1]                             NET DELAY           4.441                 11.328  15      
led_shifter1/single_led/equal_56_i9_2_lut_3_lut_4_lut/B->led_shifter1/single_led/equal_56_i9_2_lut_3_lut_4_lut/Z
                                          SLICE_R13C14A      A0_TO_F0_DELAY      0.476                 11.804  2       
led_shifter1/single_led/n9                                   NET DELAY           0.304                 12.108  2       
led_shifter1/i2080_4_lut/B->led_shifter1/i2080_4_lut/Z
                                          SLICE_R13C14A      C1_TO_F1_DELAY      0.449                 12.557  3       
led_shifter1/n2356                                           NET DELAY           5.089                 17.646  3       
led_shifter1/i20_4_lut/B->led_shifter1/i20_4_lut/Z
                                          SLICE_R14C30B      D1_TO_F1_DELAY      0.476                 18.122  2       
led_shifter1/n9_adj_640                                      NET DELAY           0.304                 18.426  2       
led_shifter1.i3873_2_lut_4_lut/D->led_shifter1.i3873_2_lut_4_lut/Z
                                          SLICE_R14C30C      C0_TO_F0_DELAY      0.449                 18.875  72      
led_shifter1/n1945                                           NET DELAY           8.552                 27.427  72      
{led_shifter1/rgb_shifted_i129/SP   led_shifter1/rgb_shifted_i128/SP}
                                                             ENDPOINT            0.000                 27.427  1       


Destination Clock Path
Name                                      Cell/Site Name     Delay Name       Incr      Arrival/Required Time  Fanout  
----------------------------------------  -----------------  ---------------  --------  ---------------------  ------  
                                                             CONSTRAINT          0.000                 41.666  1       
hf_osc.osc_inst/CLKHF                     HFOSC_HFOSC_R1C32  CLOCK LATENCY       0.000                 41.666  293     
led_shifter1/delay_counter/clk                               NET DELAY           5.499                 47.165  293     
{led_shifter1/rgb_shifted_i129/CK   led_shifter1/rgb_shifted_i128/CK}
                                                             CLOCK PIN           0.000                 47.165  1       
                                                             Uncertainty      -(0.000)                 47.165  
                                                             Setup time       -(0.198)                 46.967  
----------------------------------------  -----------------  ---------------  --------  ---------------------  ------  
Required Time                                                                                          46.967  
Arrival Time                                                                                        -(27.426)  
----------------------------------------  -----------------  ---------------  --------  ---------------------  ------  
Path Slack  (Passed)                                                                                   19.540  




++++ Path 8 ++++++++++++++++++++++++++++++++++++++++++++++++++++++++++ 

Path Begin       : led_shifter1/single_led/state_i2/Q  (SLICE_R12C9A)
Path End         : {led_shifter1/rgb_shifted_i137/SP   led_shifter1/rgb_shifted_i136/SP}  (SLICE_R21C7C)
Source Clock     : clk (R)
Destination Clock: clk (R)
Logic Level      : 5
Delay Ratio      : 85.2% (route), 14.8% (logic)
Clock Skew       : 0.000 ns 
Setup Constraint : 41.666 ns 
Path Slack       : 19.540 ns  (Passed)


Source Clock Path
Name                                      Cell/Site Name     Delay Name       Incr      Arrival/Required Time  Fanout  
----------------------------------------  -----------------  ---------------  --------  ---------------------  ------  
hf_osc.osc_inst/CLKHF                     HFOSC_HFOSC_R1C32  CLOCK LATENCY       0.000                  0.000  293     
led_shifter1/delay_counter/clk                               NET DELAY           5.499                  5.499  293     
{led_shifter1/single_led/state_i1/CK   led_shifter1/single_led/state_i2/CK}
                                                             CLOCK PIN           0.000                  5.499  1       


Data Path
Name                                      Cell/Site Name     Delay Name       Incr      Arrival/Required Time  Fanout  
----------------------------------------  -----------------  ---------------  --------  ---------------------  ------  
led_shifter1/single_led/state_i2/CK->led_shifter1/single_led/state_i2/Q
                                          SLICE_R12C9A       CLK_TO_Q1_DELAY     1.388                  6.887  15      
led_shifter1/single_led/state[1]                             NET DELAY           4.441                 11.328  15      
led_shifter1/single_led/equal_56_i9_2_lut_3_lut_4_lut/B->led_shifter1/single_led/equal_56_i9_2_lut_3_lut_4_lut/Z
                                          SLICE_R13C14A      A0_TO_F0_DELAY      0.476                 11.804  2       
led_shifter1/single_led/n9                                   NET DELAY           0.304                 12.108  2       
led_shifter1/i2080_4_lut/B->led_shifter1/i2080_4_lut/Z
                                          SLICE_R13C14A      C1_TO_F1_DELAY      0.449                 12.557  3       
led_shifter1/n2356                                           NET DELAY           5.089                 17.646  3       
led_shifter1/i20_4_lut/B->led_shifter1/i20_4_lut/Z
                                          SLICE_R14C30B      D1_TO_F1_DELAY      0.476                 18.122  2       
led_shifter1/n9_adj_640                                      NET DELAY           0.304                 18.426  2       
led_shifter1.i3873_2_lut_4_lut/D->led_shifter1.i3873_2_lut_4_lut/Z
                                          SLICE_R14C30C      C0_TO_F0_DELAY      0.449                 18.875  72      
led_shifter1/n1945                                           NET DELAY           8.552                 27.427  72      
{led_shifter1/rgb_shifted_i137/SP   led_shifter1/rgb_shifted_i136/SP}
                                                             ENDPOINT            0.000                 27.427  1       


Destination Clock Path
Name                                      Cell/Site Name     Delay Name       Incr      Arrival/Required Time  Fanout  
----------------------------------------  -----------------  ---------------  --------  ---------------------  ------  
                                                             CONSTRAINT          0.000                 41.666  1       
hf_osc.osc_inst/CLKHF                     HFOSC_HFOSC_R1C32  CLOCK LATENCY       0.000                 41.666  293     
led_shifter1/delay_counter/clk                               NET DELAY           5.499                 47.165  293     
{led_shifter1/rgb_shifted_i137/CK   led_shifter1/rgb_shifted_i136/CK}
                                                             CLOCK PIN           0.000                 47.165  1       
                                                             Uncertainty      -(0.000)                 47.165  
                                                             Setup time       -(0.198)                 46.967  
----------------------------------------  -----------------  ---------------  --------  ---------------------  ------  
Required Time                                                                                          46.967  
Arrival Time                                                                                        -(27.426)  
----------------------------------------  -----------------  ---------------  --------  ---------------------  ------  
Path Slack  (Passed)                                                                                   19.540  




++++ Path 9 ++++++++++++++++++++++++++++++++++++++++++++++++++++++++++ 

Path Begin       : led_shifter1/single_led/state_i2/Q  (SLICE_R12C9A)
Path End         : {led_shifter1/rgb_shifted_i141/SP   led_shifter1/rgb_shifted_i140/SP}  (SLICE_R22C11A)
Source Clock     : clk (R)
Destination Clock: clk (R)
Logic Level      : 5
Delay Ratio      : 85.2% (route), 14.8% (logic)
Clock Skew       : 0.000 ns 
Setup Constraint : 41.666 ns 
Path Slack       : 19.540 ns  (Passed)


Source Clock Path
Name                                      Cell/Site Name     Delay Name       Incr      Arrival/Required Time  Fanout  
----------------------------------------  -----------------  ---------------  --------  ---------------------  ------  
hf_osc.osc_inst/CLKHF                     HFOSC_HFOSC_R1C32  CLOCK LATENCY       0.000                  0.000  293     
led_shifter1/delay_counter/clk                               NET DELAY           5.499                  5.499  293     
{led_shifter1/single_led/state_i1/CK   led_shifter1/single_led/state_i2/CK}
                                                             CLOCK PIN           0.000                  5.499  1       


Data Path
Name                                      Cell/Site Name     Delay Name       Incr      Arrival/Required Time  Fanout  
----------------------------------------  -----------------  ---------------  --------  ---------------------  ------  
led_shifter1/single_led/state_i2/CK->led_shifter1/single_led/state_i2/Q
                                          SLICE_R12C9A       CLK_TO_Q1_DELAY     1.388                  6.887  15      
led_shifter1/single_led/state[1]                             NET DELAY           4.441                 11.328  15      
led_shifter1/single_led/equal_56_i9_2_lut_3_lut_4_lut/B->led_shifter1/single_led/equal_56_i9_2_lut_3_lut_4_lut/Z
                                          SLICE_R13C14A      A0_TO_F0_DELAY      0.476                 11.804  2       
led_shifter1/single_led/n9                                   NET DELAY           0.304                 12.108  2       
led_shifter1/i2080_4_lut/B->led_shifter1/i2080_4_lut/Z
                                          SLICE_R13C14A      C1_TO_F1_DELAY      0.449                 12.557  3       
led_shifter1/n2356                                           NET DELAY           5.089                 17.646  3       
led_shifter1/i20_4_lut/B->led_shifter1/i20_4_lut/Z
                                          SLICE_R14C30B      D1_TO_F1_DELAY      0.476                 18.122  2       
led_shifter1/n9_adj_640                                      NET DELAY           0.304                 18.426  2       
led_shifter1.i3873_2_lut_4_lut/D->led_shifter1.i3873_2_lut_4_lut/Z
                                          SLICE_R14C30C      C0_TO_F0_DELAY      0.449                 18.875  72      
led_shifter1/n1945                                           NET DELAY           8.552                 27.427  72      
{led_shifter1/rgb_shifted_i141/SP   led_shifter1/rgb_shifted_i140/SP}
                                                             ENDPOINT            0.000                 27.427  1       


Destination Clock Path
Name                                      Cell/Site Name     Delay Name       Incr      Arrival/Required Time  Fanout  
----------------------------------------  -----------------  ---------------  --------  ---------------------  ------  
                                                             CONSTRAINT          0.000                 41.666  1       
hf_osc.osc_inst/CLKHF                     HFOSC_HFOSC_R1C32  CLOCK LATENCY       0.000                 41.666  293     
led_shifter1/delay_counter/clk                               NET DELAY           5.499                 47.165  293     
{led_shifter1/rgb_shifted_i141/CK   led_shifter1/rgb_shifted_i140/CK}
                                                             CLOCK PIN           0.000                 47.165  1       
                                                             Uncertainty      -(0.000)                 47.165  
                                                             Setup time       -(0.198)                 46.967  
----------------------------------------  -----------------  ---------------  --------  ---------------------  ------  
Required Time                                                                                          46.967  
Arrival Time                                                                                        -(27.426)  
----------------------------------------  -----------------  ---------------  --------  ---------------------  ------  
Path Slack  (Passed)                                                                                   19.540  




++++ Path 10 ++++++++++++++++++++++++++++++++++++++++++++++++++++++++++ 

Path Begin       : led_shifter1/single_led/state_i2/Q  (SLICE_R12C9A)
Path End         : {led_shifter1/rgb_shifted_i143/SP   led_shifter1/rgb_shifted_i142/SP}  (SLICE_R22C12B)
Source Clock     : clk (R)
Destination Clock: clk (R)
Logic Level      : 5
Delay Ratio      : 85.2% (route), 14.8% (logic)
Clock Skew       : 0.000 ns 
Setup Constraint : 41.666 ns 
Path Slack       : 19.540 ns  (Passed)


Source Clock Path
Name                                      Cell/Site Name     Delay Name       Incr      Arrival/Required Time  Fanout  
----------------------------------------  -----------------  ---------------  --------  ---------------------  ------  
hf_osc.osc_inst/CLKHF                     HFOSC_HFOSC_R1C32  CLOCK LATENCY       0.000                  0.000  293     
led_shifter1/delay_counter/clk                               NET DELAY           5.499                  5.499  293     
{led_shifter1/single_led/state_i1/CK   led_shifter1/single_led/state_i2/CK}
                                                             CLOCK PIN           0.000                  5.499  1       


Data Path
Name                                      Cell/Site Name     Delay Name       Incr      Arrival/Required Time  Fanout  
----------------------------------------  -----------------  ---------------  --------  ---------------------  ------  
led_shifter1/single_led/state_i2/CK->led_shifter1/single_led/state_i2/Q
                                          SLICE_R12C9A       CLK_TO_Q1_DELAY     1.388                  6.887  15      
led_shifter1/single_led/state[1]                             NET DELAY           4.441                 11.328  15      
led_shifter1/single_led/equal_56_i9_2_lut_3_lut_4_lut/B->led_shifter1/single_led/equal_56_i9_2_lut_3_lut_4_lut/Z
                                          SLICE_R13C14A      A0_TO_F0_DELAY      0.476                 11.804  2       
led_shifter1/single_led/n9                                   NET DELAY           0.304                 12.108  2       
led_shifter1/i2080_4_lut/B->led_shifter1/i2080_4_lut/Z
                                          SLICE_R13C14A      C1_TO_F1_DELAY      0.449                 12.557  3       
led_shifter1/n2356                                           NET DELAY           5.089                 17.646  3       
led_shifter1/i20_4_lut/B->led_shifter1/i20_4_lut/Z
                                          SLICE_R14C30B      D1_TO_F1_DELAY      0.476                 18.122  2       
led_shifter1/n9_adj_640                                      NET DELAY           0.304                 18.426  2       
led_shifter1.i3873_2_lut_4_lut/D->led_shifter1.i3873_2_lut_4_lut/Z
                                          SLICE_R14C30C      C0_TO_F0_DELAY      0.449                 18.875  72      
led_shifter1/n1945                                           NET DELAY           8.552                 27.427  72      
{led_shifter1/rgb_shifted_i143/SP   led_shifter1/rgb_shifted_i142/SP}
                                                             ENDPOINT            0.000                 27.427  1       


Destination Clock Path
Name                                      Cell/Site Name     Delay Name       Incr      Arrival/Required Time  Fanout  
----------------------------------------  -----------------  ---------------  --------  ---------------------  ------  
                                                             CONSTRAINT          0.000                 41.666  1       
hf_osc.osc_inst/CLKHF                     HFOSC_HFOSC_R1C32  CLOCK LATENCY       0.000                 41.666  293     
led_shifter1/delay_counter/clk                               NET DELAY           5.499                 47.165  293     
{led_shifter1/rgb_shifted_i143/CK   led_shifter1/rgb_shifted_i142/CK}
                                                             CLOCK PIN           0.000                 47.165  1       
                                                             Uncertainty      -(0.000)                 47.165  
                                                             Setup time       -(0.198)                 46.967  
----------------------------------------  -----------------  ---------------  --------  ---------------------  ------  
Required Time                                                                                          46.967  
Arrival Time                                                                                        -(27.426)  
----------------------------------------  -----------------  ---------------  --------  ---------------------  ------  
Path Slack  (Passed)                                                                                   19.540  



+++++++++++++++++++++++++++++++++++++++++++++++++++++++++++++++++++++ 
                    End of Detailed Report for timing paths 
+++++++++++++++++++++++++++++++++++++++++++++++++++++++++++++++++++++ 


##########################################################



===============================================================
3  Hold at Speed Grade m Corner at -40 Degrees
===============================================================

3.1  Endpoint slacks
=======================
-------------------------------------------------------
          Listing 10 End Points          |    Slack    
-------------------------------------------------------
led_shifter1/rgb_shifted_i127/D          |    1.743 ns 
led_shifter1/rgb_shifted_i128/D          |    1.743 ns 
led_shifter1/rgb_shifted_i137/D          |    1.743 ns 
led_shifter1/rgb_shifted_i136/D          |    1.743 ns 
led_shifter1/rgb_shifted_i141/D          |    1.743 ns 
led_shifter1/rgb_shifted_i140/D          |    1.743 ns 
led_shifter1/rgb_shifted_i143/D          |    1.743 ns 
led_shifter1/rgb_shifted_i142/D          |    1.743 ns 
led_shifter1/state_i1/D                  |    1.743 ns 
song_timing1/state__i2/D                 |    1.743 ns 
-------------------------------------------------------
                                         |             
Hold # of endpoints with negative slack: |           0 
                                         |             
-------------------------------------------------------

3.2  Detailed Report
=======================


XXXXXXXXXXXXXXXXXXXXXXXXXXXXXXXXXXXXXXXXXXXXXXXXXXXXXXXXXX

Detail report of critical paths

XXXXXXXXXXXXXXXXXXXXXXXXXXXXXXXXXXXXXXXXXXXXXXXXXXXXXXXXXX

 +++++++++++++++++++++++++++++++++++++++++++++++++++++++++++++++++++++
                    Detailed Report for timing paths 
 +++++++++++++++++++++++++++++++++++++++++++++++++++++++++++++++++++++

 ++++Path 1  ++++++++++++++++++++++++++++++++++++++++++++++++++++++++++

Path Begin       : led_shifter1/rgb_shifted_i103/Q  (SLICE_R16C13B)
Path End         : led_shifter1/rgb_shifted_i127/D  (SLICE_R16C12A)
Source Clock     : clk (R)
Destination Clock: clk (R)
Logic Level      : 2
Delay Ratio      : 40.8% (route), 59.2% (logic)
Clock Skew       : 0.000 ns 
Hold Constraint  : 0.000 ns 
Path Slack       : 1.743 ns  (Passed)


Source Clock Path
Name                                      Cell/Site Name     Delay Name       Incr   Arrival/Required Time  Fanout  
----------------------------------------  -----------------  ---------------  -----  ---------------------  ------  
hf_osc.osc_inst/CLKHF                     HFOSC_HFOSC_R1C32  CLOCK LATENCY    0.000                  0.000  294     
led_shifter1/delay_counter/clk                               NET DELAY        3.084                  3.084  294     
{led_shifter1/rgb_shifted_i103/CK   led_shifter1/rgb_shifted_i102/CK}
                                                             CLOCK PIN        0.000                  3.084  1       


Data Path
Name                                      Cell/Site Name     Delay Name       Incr   Arrival/Required Time  Fanout  
----------------------------------------  -----------------  ---------------  -----  ---------------------  ------  
led_shifter1/rgb_shifted_i103/CK->led_shifter1/rgb_shifted_i103/Q
                                          SLICE_R16C13B      CLK_TO_Q0_DELAY  0.779                  3.863  2       
led_shifter1/single_led/rgb_shifted[103]                     NET DELAY        0.712                  4.575  2       
led_shifter1.SLICE_150/D0->led_shifter1.SLICE_150/F0
                                          SLICE_R16C12A      D0_TO_F0_DELAY   0.252                  4.827  1       
led_shifter1.rgb_shifted[103].sig_011.FeedThruLUT
                                                             NET DELAY        0.000                  4.827  1       
led_shifter1/rgb_shifted_i127/D                              ENDPOINT         0.000                  4.827  1       


Destination Clock Path
Name                                      Cell/Site Name     Delay Name       Incr   Arrival/Required Time  Fanout  
----------------------------------------  -----------------  ---------------  -----  ---------------------  ------  
                                                             CONSTRAINT       0.000                  0.000  1       
hf_osc.osc_inst/CLKHF                     HFOSC_HFOSC_R1C32  CLOCK LATENCY    0.000                  0.000  294     
led_shifter1/delay_counter/clk                               NET DELAY        3.084                  3.084  294     
{led_shifter1/rgb_shifted_i127/CK   led_shifter1/rgb_shifted_i126/CK}
                                                             CLOCK PIN        0.000                  3.084  1       
                                                             Uncertainty      0.000                  3.084  
                                                             Hold time        0.000                  3.084  
----------------------------------------  -----------------  ---------------  -----  ---------------------  ------  
Required Time                                                                                       -3.084  
Arrival Time                                                                                         4.827  
----------------------------------------  -----------------  ---------------  -----  ---------------------  ------  
Path Slack  (Passed)                                                                                 1.743  




++++ Path 2 ++++++++++++++++++++++++++++++++++++++++++++++++++++++++++ 

Path Begin       : led_shifter1/rgb_shifted_i104/Q  (SLICE_R17C11B)
Path End         : led_shifter1/rgb_shifted_i128/D  (SLICE_R16C12B)
Source Clock     : clk (R)
Destination Clock: clk (R)
Logic Level      : 2
Delay Ratio      : 40.8% (route), 59.2% (logic)
Clock Skew       : 0.000 ns 
Hold Constraint  : 0.000 ns 
Path Slack       : 1.743 ns  (Passed)


Source Clock Path
Name                                      Cell/Site Name     Delay Name       Incr   Arrival/Required Time  Fanout  
----------------------------------------  -----------------  ---------------  -----  ---------------------  ------  
hf_osc.osc_inst/CLKHF                     HFOSC_HFOSC_R1C32  CLOCK LATENCY    0.000                  0.000  294     
led_shifter1/delay_counter/clk                               NET DELAY        3.084                  3.084  294     
{led_shifter1/rgb_shifted_i105/CK   led_shifter1/rgb_shifted_i104/CK}
                                                             CLOCK PIN        0.000                  3.084  1       


Data Path
Name                                      Cell/Site Name     Delay Name       Incr   Arrival/Required Time  Fanout  
----------------------------------------  -----------------  ---------------  -----  ---------------------  ------  
led_shifter1/rgb_shifted_i104/CK->led_shifter1/rgb_shifted_i104/Q
                                          SLICE_R17C11B      CLK_TO_Q1_DELAY  0.779                  3.863  2       
led_shifter1/single_led/rgb_shifted[104]                     NET DELAY        0.712                  4.575  2       
led_shifter1.SLICE_148/D1->led_shifter1.SLICE_148/F1
                                          SLICE_R16C12B      D1_TO_F1_DELAY   0.252                  4.827  1       
led_shifter1.rgb_shifted[104].sig_010.FeedThruLUT
                                                             NET DELAY        0.000                  4.827  1       
led_shifter1/rgb_shifted_i128/D                              ENDPOINT         0.000                  4.827  1       


Destination Clock Path
Name                                      Cell/Site Name     Delay Name       Incr   Arrival/Required Time  Fanout  
----------------------------------------  -----------------  ---------------  -----  ---------------------  ------  
                                                             CONSTRAINT       0.000                  0.000  1       
hf_osc.osc_inst/CLKHF                     HFOSC_HFOSC_R1C32  CLOCK LATENCY    0.000                  0.000  294     
led_shifter1/delay_counter/clk                               NET DELAY        3.084                  3.084  294     
{led_shifter1/rgb_shifted_i129/CK   led_shifter1/rgb_shifted_i128/CK}
                                                             CLOCK PIN        0.000                  3.084  1       
                                                             Uncertainty      0.000                  3.084  
                                                             Hold time        0.000                  3.084  
----------------------------------------  -----------------  ---------------  -----  ---------------------  ------  
Required Time                                                                                       -3.084  
Arrival Time                                                                                         4.827  
----------------------------------------  -----------------  ---------------  -----  ---------------------  ------  
Path Slack  (Passed)                                                                                 1.743  




++++ Path 3 ++++++++++++++++++++++++++++++++++++++++++++++++++++++++++ 

Path Begin       : led_shifter1/rgb_shifted_i113/Q  (SLICE_R21C7D)
Path End         : led_shifter1/rgb_shifted_i137/D  (SLICE_R21C7C)
Source Clock     : clk (R)
Destination Clock: clk (R)
Logic Level      : 2
Delay Ratio      : 40.8% (route), 59.2% (logic)
Clock Skew       : 0.000 ns 
Hold Constraint  : 0.000 ns 
Path Slack       : 1.743 ns  (Passed)


Source Clock Path
Name                                      Cell/Site Name     Delay Name       Incr   Arrival/Required Time  Fanout  
----------------------------------------  -----------------  ---------------  -----  ---------------------  ------  
hf_osc.osc_inst/CLKHF                     HFOSC_HFOSC_R1C32  CLOCK LATENCY    0.000                  0.000  294     
led_shifter1/delay_counter/clk                               NET DELAY        3.084                  3.084  294     
{led_shifter1/rgb_shifted_i112/CK   led_shifter1/rgb_shifted_i113/CK}
                                                             CLOCK PIN        0.000                  3.084  1       


Data Path
Name                                      Cell/Site Name     Delay Name       Incr   Arrival/Required Time  Fanout  
----------------------------------------  -----------------  ---------------  -----  ---------------------  ------  
led_shifter1/rgb_shifted_i113/CK->led_shifter1/rgb_shifted_i113/Q
                                          SLICE_R21C7D       CLK_TO_Q1_DELAY  0.779                  3.863  2       
led_shifter1/single_led/rgb_shifted[113]                     NET DELAY        0.712                  4.575  2       
led_shifter1.SLICE_146/D0->led_shifter1.SLICE_146/F0
                                          SLICE_R21C7C       D0_TO_F0_DELAY   0.252                  4.827  1       
led_shifter1.rgb_shifted[113].sig_007.FeedThruLUT
                                                             NET DELAY        0.000                  4.827  1       
led_shifter1/rgb_shifted_i137/D                              ENDPOINT         0.000                  4.827  1       


Destination Clock Path
Name                                      Cell/Site Name     Delay Name       Incr   Arrival/Required Time  Fanout  
----------------------------------------  -----------------  ---------------  -----  ---------------------  ------  
                                                             CONSTRAINT       0.000                  0.000  1       
hf_osc.osc_inst/CLKHF                     HFOSC_HFOSC_R1C32  CLOCK LATENCY    0.000                  0.000  294     
led_shifter1/delay_counter/clk                               NET DELAY        3.084                  3.084  294     
{led_shifter1/rgb_shifted_i137/CK   led_shifter1/rgb_shifted_i136/CK}
                                                             CLOCK PIN        0.000                  3.084  1       
                                                             Uncertainty      0.000                  3.084  
                                                             Hold time        0.000                  3.084  
----------------------------------------  -----------------  ---------------  -----  ---------------------  ------  
Required Time                                                                                       -3.084  
Arrival Time                                                                                         4.827  
----------------------------------------  -----------------  ---------------  -----  ---------------------  ------  
Path Slack  (Passed)                                                                                 1.743  




++++ Path 4 ++++++++++++++++++++++++++++++++++++++++++++++++++++++++++ 

Path Begin       : led_shifter1/rgb_shifted_i112/Q  (SLICE_R21C7D)
Path End         : led_shifter1/rgb_shifted_i136/D  (SLICE_R21C7C)
Source Clock     : clk (R)
Destination Clock: clk (R)
Logic Level      : 2
Delay Ratio      : 40.8% (route), 59.2% (logic)
Clock Skew       : 0.000 ns 
Hold Constraint  : 0.000 ns 
Path Slack       : 1.743 ns  (Passed)


Source Clock Path
Name                                      Cell/Site Name     Delay Name       Incr   Arrival/Required Time  Fanout  
----------------------------------------  -----------------  ---------------  -----  ---------------------  ------  
hf_osc.osc_inst/CLKHF                     HFOSC_HFOSC_R1C32  CLOCK LATENCY    0.000                  0.000  294     
led_shifter1/delay_counter/clk                               NET DELAY        3.084                  3.084  294     
{led_shifter1/rgb_shifted_i112/CK   led_shifter1/rgb_shifted_i113/CK}
                                                             CLOCK PIN        0.000                  3.084  1       


Data Path
Name                                      Cell/Site Name     Delay Name       Incr   Arrival/Required Time  Fanout  
----------------------------------------  -----------------  ---------------  -----  ---------------------  ------  
led_shifter1/rgb_shifted_i112/CK->led_shifter1/rgb_shifted_i112/Q
                                          SLICE_R21C7D       CLK_TO_Q0_DELAY  0.779                  3.863  2       
led_shifter1/single_led/rgb_shifted[112]                     NET DELAY        0.712                  4.575  2       
led_shifter1.SLICE_146/D1->led_shifter1.SLICE_146/F1
                                          SLICE_R21C7C       D1_TO_F1_DELAY   0.252                  4.827  1       
led_shifter1.rgb_shifted[112].sig_008.FeedThruLUT
                                                             NET DELAY        0.000                  4.827  1       
led_shifter1/rgb_shifted_i136/D                              ENDPOINT         0.000                  4.827  1       


Destination Clock Path
Name                                      Cell/Site Name     Delay Name       Incr   Arrival/Required Time  Fanout  
----------------------------------------  -----------------  ---------------  -----  ---------------------  ------  
                                                             CONSTRAINT       0.000                  0.000  1       
hf_osc.osc_inst/CLKHF                     HFOSC_HFOSC_R1C32  CLOCK LATENCY    0.000                  0.000  294     
led_shifter1/delay_counter/clk                               NET DELAY        3.084                  3.084  294     
{led_shifter1/rgb_shifted_i137/CK   led_shifter1/rgb_shifted_i136/CK}
                                                             CLOCK PIN        0.000                  3.084  1       
                                                             Uncertainty      0.000                  3.084  
                                                             Hold time        0.000                  3.084  
----------------------------------------  -----------------  ---------------  -----  ---------------------  ------  
Required Time                                                                                       -3.084  
Arrival Time                                                                                         4.827  
----------------------------------------  -----------------  ---------------  -----  ---------------------  ------  
Path Slack  (Passed)                                                                                 1.743  




++++ Path 5 ++++++++++++++++++++++++++++++++++++++++++++++++++++++++++ 

Path Begin       : led_shifter1/rgb_shifted_i117/Q  (SLICE_R22C11C)
Path End         : led_shifter1/rgb_shifted_i141/D  (SLICE_R22C11A)
Source Clock     : clk (R)
Destination Clock: clk (R)
Logic Level      : 2
Delay Ratio      : 40.8% (route), 59.2% (logic)
Clock Skew       : 0.000 ns 
Hold Constraint  : 0.000 ns 
Path Slack       : 1.743 ns  (Passed)


Source Clock Path
Name                                      Cell/Site Name     Delay Name       Incr   Arrival/Required Time  Fanout  
----------------------------------------  -----------------  ---------------  -----  ---------------------  ------  
hf_osc.osc_inst/CLKHF                     HFOSC_HFOSC_R1C32  CLOCK LATENCY    0.000                  0.000  294     
led_shifter1/delay_counter/clk                               NET DELAY        3.084                  3.084  294     
{led_shifter1/rgb_shifted_i117/CK   led_shifter1/rgb_shifted_i116/CK}
                                                             CLOCK PIN        0.000                  3.084  1       


Data Path
Name                                      Cell/Site Name     Delay Name       Incr   Arrival/Required Time  Fanout  
----------------------------------------  -----------------  ---------------  -----  ---------------------  ------  
led_shifter1/rgb_shifted_i117/CK->led_shifter1/rgb_shifted_i117/Q
                                          SLICE_R22C11C      CLK_TO_Q0_DELAY  0.779                  3.863  2       
led_shifter1/single_led/rgb_shifted[117]                     NET DELAY        0.712                  4.575  2       
led_shifter1.SLICE_145/D0->led_shifter1.SLICE_145/F0
                                          SLICE_R22C11A      D0_TO_F0_DELAY   0.252                  4.827  1       
led_shifter1.rgb_shifted[117].sig_006.FeedThruLUT
                                                             NET DELAY        0.000                  4.827  1       
led_shifter1/rgb_shifted_i141/D                              ENDPOINT         0.000                  4.827  1       


Destination Clock Path
Name                                      Cell/Site Name     Delay Name       Incr   Arrival/Required Time  Fanout  
----------------------------------------  -----------------  ---------------  -----  ---------------------  ------  
                                                             CONSTRAINT       0.000                  0.000  1       
hf_osc.osc_inst/CLKHF                     HFOSC_HFOSC_R1C32  CLOCK LATENCY    0.000                  0.000  294     
led_shifter1/delay_counter/clk                               NET DELAY        3.084                  3.084  294     
{led_shifter1/rgb_shifted_i141/CK   led_shifter1/rgb_shifted_i140/CK}
                                                             CLOCK PIN        0.000                  3.084  1       
                                                             Uncertainty      0.000                  3.084  
                                                             Hold time        0.000                  3.084  
----------------------------------------  -----------------  ---------------  -----  ---------------------  ------  
Required Time                                                                                       -3.084  
Arrival Time                                                                                         4.827  
----------------------------------------  -----------------  ---------------  -----  ---------------------  ------  
Path Slack  (Passed)                                                                                 1.743  




++++ Path 6 ++++++++++++++++++++++++++++++++++++++++++++++++++++++++++ 

Path Begin       : led_shifter1/rgb_shifted_i116/Q  (SLICE_R22C11C)
Path End         : led_shifter1/rgb_shifted_i140/D  (SLICE_R22C11A)
Source Clock     : clk (R)
Destination Clock: clk (R)
Logic Level      : 2
Delay Ratio      : 40.8% (route), 59.2% (logic)
Clock Skew       : 0.000 ns 
Hold Constraint  : 0.000 ns 
Path Slack       : 1.743 ns  (Passed)


Source Clock Path
Name                                      Cell/Site Name     Delay Name       Incr   Arrival/Required Time  Fanout  
----------------------------------------  -----------------  ---------------  -----  ---------------------  ------  
hf_osc.osc_inst/CLKHF                     HFOSC_HFOSC_R1C32  CLOCK LATENCY    0.000                  0.000  294     
led_shifter1/delay_counter/clk                               NET DELAY        3.084                  3.084  294     
{led_shifter1/rgb_shifted_i117/CK   led_shifter1/rgb_shifted_i116/CK}
                                                             CLOCK PIN        0.000                  3.084  1       


Data Path
Name                                      Cell/Site Name     Delay Name       Incr   Arrival/Required Time  Fanout  
----------------------------------------  -----------------  ---------------  -----  ---------------------  ------  
led_shifter1/rgb_shifted_i116/CK->led_shifter1/rgb_shifted_i116/Q
                                          SLICE_R22C11C      CLK_TO_Q1_DELAY  0.779                  3.863  2       
led_shifter1/single_led/rgb_shifted[116]                     NET DELAY        0.712                  4.575  2       
led_shifter1.SLICE_145/D1->led_shifter1.SLICE_145/F1
                                          SLICE_R22C11A      D1_TO_F1_DELAY   0.252                  4.827  1       
led_shifter1.rgb_shifted[116].sig_146.FeedThruLUT
                                                             NET DELAY        0.000                  4.827  1       
led_shifter1/rgb_shifted_i140/D                              ENDPOINT         0.000                  4.827  1       


Destination Clock Path
Name                                      Cell/Site Name     Delay Name       Incr   Arrival/Required Time  Fanout  
----------------------------------------  -----------------  ---------------  -----  ---------------------  ------  
                                                             CONSTRAINT       0.000                  0.000  1       
hf_osc.osc_inst/CLKHF                     HFOSC_HFOSC_R1C32  CLOCK LATENCY    0.000                  0.000  294     
led_shifter1/delay_counter/clk                               NET DELAY        3.084                  3.084  294     
{led_shifter1/rgb_shifted_i141/CK   led_shifter1/rgb_shifted_i140/CK}
                                                             CLOCK PIN        0.000                  3.084  1       
                                                             Uncertainty      0.000                  3.084  
                                                             Hold time        0.000                  3.084  
----------------------------------------  -----------------  ---------------  -----  ---------------------  ------  
Required Time                                                                                       -3.084  
Arrival Time                                                                                         4.827  
----------------------------------------  -----------------  ---------------  -----  ---------------------  ------  
Path Slack  (Passed)                                                                                 1.743  




++++ Path 7 ++++++++++++++++++++++++++++++++++++++++++++++++++++++++++ 

Path Begin       : led_shifter1/rgb_shifted_i119/Q  (SLICE_R21C13C)
Path End         : led_shifter1/rgb_shifted_i143/D  (SLICE_R22C12B)
Source Clock     : clk (R)
Destination Clock: clk (R)
Logic Level      : 2
Delay Ratio      : 40.8% (route), 59.2% (logic)
Clock Skew       : 0.000 ns 
Hold Constraint  : 0.000 ns 
Path Slack       : 1.743 ns  (Passed)


Source Clock Path
Name                                      Cell/Site Name     Delay Name       Incr   Arrival/Required Time  Fanout  
----------------------------------------  -----------------  ---------------  -----  ---------------------  ------  
hf_osc.osc_inst/CLKHF                     HFOSC_HFOSC_R1C32  CLOCK LATENCY    0.000                  0.000  294     
led_shifter1/delay_counter/clk                               NET DELAY        3.084                  3.084  294     
{led_shifter1/rgb_shifted_i118/CK   led_shifter1/rgb_shifted_i119/CK}
                                                             CLOCK PIN        0.000                  3.084  1       


Data Path
Name                                      Cell/Site Name     Delay Name       Incr   Arrival/Required Time  Fanout  
----------------------------------------  -----------------  ---------------  -----  ---------------------  ------  
led_shifter1/rgb_shifted_i119/CK->led_shifter1/rgb_shifted_i119/Q
                                          SLICE_R21C13C      CLK_TO_Q1_DELAY  0.779                  3.863  2       
led_shifter1/single_led/rgb_shifted[119]                     NET DELAY        0.712                  4.575  2       
led_shifter1.SLICE_143/D0->led_shifter1.SLICE_143/F0
                                          SLICE_R22C12B      D0_TO_F0_DELAY   0.252                  4.827  1       
led_shifter1.rgb_shifted[119].sig_004.FeedThruLUT
                                                             NET DELAY        0.000                  4.827  1       
led_shifter1/rgb_shifted_i143/D                              ENDPOINT         0.000                  4.827  1       


Destination Clock Path
Name                                      Cell/Site Name     Delay Name       Incr   Arrival/Required Time  Fanout  
----------------------------------------  -----------------  ---------------  -----  ---------------------  ------  
                                                             CONSTRAINT       0.000                  0.000  1       
hf_osc.osc_inst/CLKHF                     HFOSC_HFOSC_R1C32  CLOCK LATENCY    0.000                  0.000  294     
led_shifter1/delay_counter/clk                               NET DELAY        3.084                  3.084  294     
{led_shifter1/rgb_shifted_i143/CK   led_shifter1/rgb_shifted_i142/CK}
                                                             CLOCK PIN        0.000                  3.084  1       
                                                             Uncertainty      0.000                  3.084  
                                                             Hold time        0.000                  3.084  
----------------------------------------  -----------------  ---------------  -----  ---------------------  ------  
Required Time                                                                                       -3.084  
Arrival Time                                                                                         4.827  
----------------------------------------  -----------------  ---------------  -----  ---------------------  ------  
Path Slack  (Passed)                                                                                 1.743  




++++ Path 8 ++++++++++++++++++++++++++++++++++++++++++++++++++++++++++ 

Path Begin       : led_shifter1/rgb_shifted_i118/Q  (SLICE_R21C13C)
Path End         : led_shifter1/rgb_shifted_i142/D  (SLICE_R22C12B)
Source Clock     : clk (R)
Destination Clock: clk (R)
Logic Level      : 2
Delay Ratio      : 40.8% (route), 59.2% (logic)
Clock Skew       : 0.000 ns 
Hold Constraint  : 0.000 ns 
Path Slack       : 1.743 ns  (Passed)


Source Clock Path
Name                                      Cell/Site Name     Delay Name       Incr   Arrival/Required Time  Fanout  
----------------------------------------  -----------------  ---------------  -----  ---------------------  ------  
hf_osc.osc_inst/CLKHF                     HFOSC_HFOSC_R1C32  CLOCK LATENCY    0.000                  0.000  294     
led_shifter1/delay_counter/clk                               NET DELAY        3.084                  3.084  294     
{led_shifter1/rgb_shifted_i118/CK   led_shifter1/rgb_shifted_i119/CK}
                                                             CLOCK PIN        0.000                  3.084  1       


Data Path
Name                                      Cell/Site Name     Delay Name       Incr   Arrival/Required Time  Fanout  
----------------------------------------  -----------------  ---------------  -----  ---------------------  ------  
led_shifter1/rgb_shifted_i118/CK->led_shifter1/rgb_shifted_i118/Q
                                          SLICE_R21C13C      CLK_TO_Q0_DELAY  0.779                  3.863  2       
led_shifter1/single_led/rgb_shifted[118]                     NET DELAY        0.712                  4.575  2       
led_shifter1.SLICE_143/D1->led_shifter1.SLICE_143/F1
                                          SLICE_R22C12B      D1_TO_F1_DELAY   0.252                  4.827  1       
led_shifter1.rgb_shifted[118].sig_005.FeedThruLUT
                                                             NET DELAY        0.000                  4.827  1       
led_shifter1/rgb_shifted_i142/D                              ENDPOINT         0.000                  4.827  1       


Destination Clock Path
Name                                      Cell/Site Name     Delay Name       Incr   Arrival/Required Time  Fanout  
----------------------------------------  -----------------  ---------------  -----  ---------------------  ------  
                                                             CONSTRAINT       0.000                  0.000  1       
hf_osc.osc_inst/CLKHF                     HFOSC_HFOSC_R1C32  CLOCK LATENCY    0.000                  0.000  294     
led_shifter1/delay_counter/clk                               NET DELAY        3.084                  3.084  294     
{led_shifter1/rgb_shifted_i143/CK   led_shifter1/rgb_shifted_i142/CK}
                                                             CLOCK PIN        0.000                  3.084  1       
                                                             Uncertainty      0.000                  3.084  
                                                             Hold time        0.000                  3.084  
----------------------------------------  -----------------  ---------------  -----  ---------------------  ------  
Required Time                                                                                       -3.084  
Arrival Time                                                                                         4.827  
----------------------------------------  -----------------  ---------------  -----  ---------------------  ------  
Path Slack  (Passed)                                                                                 1.743  




++++ Path 9 ++++++++++++++++++++++++++++++++++++++++++++++++++++++++++ 

Path Begin       : led_shifter1/state_i2/Q  (SLICE_R13C14D)
Path End         : led_shifter1/state_i1/D  (SLICE_R13C14D)
Source Clock     : clk (R)
Destination Clock: clk (R)
Logic Level      : 2
Delay Ratio      : 40.8% (route), 59.2% (logic)
Clock Skew       : 0.000 ns 
Hold Constraint  : 0.000 ns 
Path Slack       : 1.743 ns  (Passed)


Source Clock Path
Name                                      Cell/Site Name     Delay Name       Incr   Arrival/Required Time  Fanout  
----------------------------------------  -----------------  ---------------  -----  ---------------------  ------  
hf_osc.osc_inst/CLKHF                     HFOSC_HFOSC_R1C32  CLOCK LATENCY    0.000                  0.000  294     
led_shifter1/delay_counter/clk                               NET DELAY        3.084                  3.084  294     
{led_shifter1/state_i1/CK   led_shifter1/state_i2/CK}
                                                             CLOCK PIN        0.000                  3.084  1       


Data Path
Name                                      Cell/Site Name     Delay Name       Incr   Arrival/Required Time  Fanout  
----------------------------------------  -----------------  ---------------  -----  ---------------------  ------  
led_shifter1/state_i2/CK->led_shifter1/state_i2/Q
                                          SLICE_R13C14D      CLK_TO_Q1_DELAY  0.779                  3.863  14      
led_shifter1/state[1]                                        NET DELAY        0.712                  4.575  14      
led_shifter1/state_0__I_0_2_4_lut/D->led_shifter1/state_0__I_0_2_4_lut/Z
                                          SLICE_R13C14D      D0_TO_F0_DELAY   0.252                  4.827  1       
led_shifter1/nextstate[0]                                    NET DELAY        0.000                  4.827  1       
led_shifter1/state_i1/D                                      ENDPOINT         0.000                  4.827  1       


Destination Clock Path
Name                                      Cell/Site Name     Delay Name       Incr   Arrival/Required Time  Fanout  
----------------------------------------  -----------------  ---------------  -----  ---------------------  ------  
                                                             CONSTRAINT       0.000                  0.000  1       
hf_osc.osc_inst/CLKHF                     HFOSC_HFOSC_R1C32  CLOCK LATENCY    0.000                  0.000  294     
led_shifter1/delay_counter/clk                               NET DELAY        3.084                  3.084  294     
{led_shifter1/state_i1/CK   led_shifter1/state_i2/CK}
                                                             CLOCK PIN        0.000                  3.084  1       
                                                             Uncertainty      0.000                  3.084  
                                                             Hold time        0.000                  3.084  
----------------------------------------  -----------------  ---------------  -----  ---------------------  ------  
Required Time                                                                                       -3.084  
Arrival Time                                                                                         4.827  
----------------------------------------  -----------------  ---------------  -----  ---------------------  ------  
Path Slack  (Passed)                                                                                 1.743  




++++ Path 10 ++++++++++++++++++++++++++++++++++++++++++++++++++++++++++ 

Path Begin       : song_timing1/counter1/counted_c/Q  (SLICE_R13C20A)
Path End         : song_timing1/state__i2/D  (SLICE_R13C20A)
Source Clock     : clk (R)
Destination Clock: clk (R)
Logic Level      : 2
Delay Ratio      : 40.8% (route), 59.2% (logic)
Clock Skew       : 0.000 ns 
Hold Constraint  : 0.000 ns 
Path Slack       : 1.743 ns  (Passed)


Source Clock Path
Name                                      Cell/Site Name     Delay Name       Incr   Arrival/Required Time  Fanout  
----------------------------------------  -----------------  ---------------  -----  ---------------------  ------  
hf_osc.osc_inst/CLKHF                     HFOSC_HFOSC_R1C32  CLOCK LATENCY    0.000                  0.000  294     
led_shifter1/delay_counter/clk                               NET DELAY        3.084                  3.084  294     
{song_timing1/counter1/counted_c/CK   song_timing1/state__i2/CK}
                                                             CLOCK PIN        0.000                  3.084  1       


Data Path
Name                                      Cell/Site Name     Delay Name       Incr   Arrival/Required Time  Fanout  
----------------------------------------  -----------------  ---------------  -----  ---------------------  ------  
song_timing1/counter1/counted_c/CK->song_timing1/counter1/counted_c/Q
                                          SLICE_R13C20A      CLK_TO_Q0_DELAY  0.779                  3.863  1       
song_timing1/counter1/counted                                NET DELAY        0.712                  4.575  1       
song_timing1/mux_202_Mux_1_i3_4_lut/B->song_timing1/mux_202_Mux_1_i3_4_lut/Z
                                          SLICE_R13C20A      D1_TO_F1_DELAY   0.252                  4.827  1       
song_timing1/state_1__N_162[1]                               NET DELAY        0.000                  4.827  1       
song_timing1/state__i2/D                                     ENDPOINT         0.000                  4.827  1       


Destination Clock Path
Name                                      Cell/Site Name     Delay Name       Incr   Arrival/Required Time  Fanout  
----------------------------------------  -----------------  ---------------  -----  ---------------------  ------  
                                                             CONSTRAINT       0.000                  0.000  1       
hf_osc.osc_inst/CLKHF                     HFOSC_HFOSC_R1C32  CLOCK LATENCY    0.000                  0.000  294     
led_shifter1/delay_counter/clk                               NET DELAY        3.084                  3.084  294     
{song_timing1/counter1/counted_c/CK   song_timing1/state__i2/CK}
                                                             CLOCK PIN        0.000                  3.084  1       
                                                             Uncertainty      0.000                  3.084  
                                                             Hold time        0.000                  3.084  
----------------------------------------  -----------------  ---------------  -----  ---------------------  ------  
Required Time                                                                                       -3.084  
Arrival Time                                                                                         4.827  
----------------------------------------  -----------------  ---------------  -----  ---------------------  ------  
Path Slack  (Passed)                                                                                 1.743  



+++++++++++++++++++++++++++++++++++++++++++++++++++++++++++++++++++++ 
                    End of Detailed Report for timing paths 
+++++++++++++++++++++++++++++++++++++++++++++++++++++++++++++++++++++ 


##########################################################



